DeePMD-kit: Cannot find libcudart.so.12
DeePMD-kit: Error message: libcudart.so.12: cannot open shared object file: No such file or directory
implib-gen: libcudart.so.12: failed to load library 'libcudart.so.12' via callback 'DP_cudart_dlopen'
implib-gen: libcudart.so.12: failed to resolve symbol '__cudaRegisterFatBinary', library failed to load
implib-gen: libcudart.so.12: failed to load library 'libcudart.so.12' via callback 'DP_cudart_dlopen'
implib-gen: libcudart.so.12: failed to resolve symbol '__cudaRegisterFunction', library failed to load
implib-gen: libcudart.so.12: failed to load library 'libcudart.so.12' via callback 'DP_cudart_dlopen'
implib-gen: libcudart.so.12: failed to resolve symbol '__cudaRegisterFatBinaryEnd', library failed to load
implib-gen: libcudart.so.12: failed to load library 'libcudart.so.12' via callback 'DP_cudart_dlopen'
implib-gen: libcudart.so.12: failed to resolve symbol '__cudaRegisterVar', library failed to load
To get the best performance, it is recommended to adjust the number of threads by setting the environment variables OMP_NUM_THREADS, DP_INTRA_OP_PARALLELISM_THREADS, and DP_INTER_OP_PARALLELISM_THREADS. See https://deepmd.rtfd.io/parallelism/ for more information.
W0825 21:04:07.210000 35 torch/_library/triton.py:53] Triton not available, find_triton_kernels = []
W0825 21:04:07.211000 35 torch/_library/triton.py:53] Triton not available, find_triton_kernels = []
W0825 21:04:07.213000 35 torch/_library/triton.py:53] Triton not available, find_triton_kernels = []
W0825 21:04:07.214000 35 torch/_library/triton.py:53] Triton not available, find_triton_kernels = []
W0825 21:04:07.215000 35 torch/_library/triton.py:53] Triton not available, find_triton_kernels = []
W0825 21:04:07.217000 35 torch/_library/triton.py:53] Triton not available, find_triton_kernels = []
W0825 21:04:07.218000 35 torch/_library/triton.py:53] Triton not available, find_triton_kernels = []
W0825 21:04:07.220000 35 torch/_library/triton.py:53] Triton not available, find_triton_kernels = []
W0825 21:04:07.221000 35 torch/_library/triton.py:53] Triton not available, find_triton_kernels = []
You can use the environment variable DP_INFER_BATCH_SIZE tocontrol the inference batch size (nframes * natoms). The default value is 1024.
You can use the environment variable DP_INFER_BATCH_SIZE tocontrol the inference batch size (nframes * natoms). The default value is 1024.
implib-gen: libcudart.so.12: failed to load library 'libcudart.so.12' via callback 'DP_cudart_dlopen'
implib-gen: libcudart.so.12: failed to resolve symbol '__cudaUnregisterFatBinary', library failed to load
